<html>
<body>
<pre>
<h1>礦ision Build Log</h1>
<h2>Tool Versions:</h2>
IDE-Version: μVision V5.14.0.0
Copyright (C) 2015 ARM Ltd and ARM Germany GmbH. All rights reserved.
License Information: Li Hua, none, LIC=JL28G-VAMPS-74FS0-BCYA3-S74GZ-FMRWF
 
Tool Versions:
Toolchain:       MDK-ARM Standard  Version: 5.14.0.0
Toolchain Path:  E:\Keil_v5\ARM\ARMCC\Bin
C Compiler:      Armcc.exe V5.05 update 1 (build 106)
Assembler:       Armasm.exe V5.05 update 1 (build 106)
Linker/Locator:  ArmLink.exe V5.05 update 1 (build 106)
Library Manager: ArmAr.exe V5.05 update 1 (build 106)
Hex Converter:   FromElf.exe V5.05 update 1 (build 106)
CPU DLL:         SARMCM3.DLL V5.14.0.0
Dialog DLL:      DCM.DLL V1.13.1.0
Target DLL:      CMSIS_AGDI.dll V1.21.0.0
Dialog DLL:      TCM.DLL V1.14.4.0
 
<h2>Project:</h2>
C:\Users\22344\OneDrive\code\第二版最终版\3\USER\STemWin.uvprojx
Project File Date:  02/15/2022

<h2>Output:</h2>
Build target 'STemWin RGBLCD'
compiling main.c...
..\HARDWARE\TIMER\timer.h(19): warning:  #1295-D: Deprecated declaration Close_Time - give arg types
  void Close_Time();
..\HARDWARE\TIMER\timer.h(20): warning:  #1295-D: Deprecated declaration Open_Time - give arg types
  void Open_Time();
..\HARDWARE\RS422\rs422.h(7): warning:  #1295-D: Deprecated declaration send_data - give arg types
  void send_data();
..\HARDWARE\RS422\rs422.h(15): warning:  #1295-D: Deprecated declaration uart1_send - give arg types
  void uart1_send();
..\HARDWARE\ADC\adc.h(17): warning:  #1295-D: Deprecated declaration pingmujiare - give arg types
  void pingmujiare();
main.c(281): warning:  #177-D: variable "err" was declared but never referenced
                OS_ERR err;
main.c: 6 warnings, 0 errors
compiling stm32f4xx_it.c...
compiling system_stm32f4xx.c...
assembling startup_stm32f429xx.s...
compiling stm32f4xx_hal.c...
compiling stm32f4xx_hal_cortex.c...
compiling stm32f4xx_hal_gpio.c...
compiling stm32f4xx_hal_pwr.c...
compiling stm32f4xx_hal_pwr_ex.c...
compiling stm32f4xx_hal_rcc.c...
compiling stm32f4xx_hal_rcc_ex.c...
compiling stm32f4xx_hal_uart.c...
compiling stm32f4xx_hal_usart.c...
compiling stm32f4xx_hal_dma.c...
compiling stm32f4xx_hal_dma_ex.c...
compiling stm32f4xx_hal_tim.c...
compiling stm32f4xx_hal_tim_ex.c...
compiling stm32f4xx_ll_fmc.c...
compiling stm32f4xx_hal_sram.c...
compiling stm32f4xx_hal_sdram.c...
compiling stm32f4xx_hal_ltdc.c...
compiling stm32f4xx_hal_ltdc_ex.c...
compiling stm32f4xx_hal_dma2d.c...
compiling stm32f4xx_hal_adc.c...
compiling stm32f4xx_hal_adc_ex.c...
compiling delay.c...
compiling sys.c...
compiling led.c...
..\HARDWARE\LED\led.c(27): warning:  #1-D: last line of file ends without a newline
  }
..\HARDWARE\LED\led.c: 1 warning, 0 errors
compiling key.c...
compiling sdram.c...
compiling tftlcd.c...
compiling ltdc.c...
compiling timer.c...
..\HARDWARE\TIMER\timer.h(19): warning:  #1295-D: Deprecated declaration Close_Time - give arg types
  void Close_Time();
..\HARDWARE\TIMER\timer.h(20): warning:  #1295-D: Deprecated declaration Open_Time - give arg types
  void Open_Time();
..\HARDWARE\TIMER\timer.c(72): warning:  #1-D: last line of file ends without a newline
  }
..\HARDWARE\TIMER\timer.c: 3 warnings, 0 errors
compiling 24cxx.c...
compiling myiic.c...
compiling ctiic.c...
compiling ft5206.c...
compiling gt9147.c...
compiling ott2001a.c...
compiling touch.c...
compiling pcf8574.c...
compiling song18.c...
compiling keyboard.c...
..\HARDWARE\3x7keyboard\keyboard.c(43): warning:  #940-D: missing return statement at end of non-void function "KeyScan_3X7"
  }
..\HARDWARE\3x7keyboard\keyboard.c(54): warning:  #68-D: integer conversion resulted in a change of sign
                                        return -1;
..\HARDWARE\3x7keyboard\keyboard.c(55): warning:  #111-D: statement is unreachable
                        break;
..\HARDWARE\3x7keyboard\keyboard.c(60): warning:  #111-D: statement is unreachable
                        break;}
..\HARDWARE\3x7keyboard\keyboard.c(63): warning:  #940-D: missing return statement at end of non-void function "Judge"
        }
..\HARDWARE\3x7keyboard\keyboard.c: 5 warnings, 0 errors
compiling rs422.c...
..\HARDWARE\RS422\rs422.h(7): warning:  #1295-D: Deprecated declaration send_data - give arg types
  void send_data();
..\HARDWARE\RS422\rs422.h(15): warning:  #1295-D: Deprecated declaration uart1_send - give arg types
  void uart1_send();
..\HARDWARE\TIMER\timer.h(19): warning:  #1295-D: Deprecated declaration Close_Time - give arg types
  void Close_Time();
..\HARDWARE\TIMER\timer.h(20): warning:  #1295-D: Deprecated declaration Open_Time - give arg types
  void Open_Time();
..\HARDWARE\RS422\rs422.c: 4 warnings, 0 errors
compiling adc.c...
..\HARDWARE\ADC\adc.h(17): warning:  #1295-D: Deprecated declaration pingmujiare - give arg types
  void pingmujiare();
..\HARDWARE\ADC\adc.c(102): warning:  #1035-D: single-precision operand implicitly converted to double-precision
        if((VoValue <= 0.53) && (VoValue >= 0))
..\HARDWARE\ADC\adc.c(106): warning:  #1035-D: single-precision operand implicitly converted to double-precision
                 else if( VoValue >= 0.68 )              //??-20?????
..\HARDWARE\ADC\adc.c(112): warning:  #1-D: last line of file ends without a newline
        }
..\HARDWARE\ADC\adc.c: 4 warnings, 0 errors
compiling heiti18.c...
compiling malloc.c...
compiling bsp.c...
compiling cpu_c.c...
compiling cpu_core.c...
assembling cpu_a.asm...
compiling lib_str.c...
compiling lib_ascii.c...
compiling lib_math.c...
compiling lib_mem.c...
assembling lib_mem_a.asm...
compiling os_cfg_app.c...
compiling os_core.c...
compiling os_dbg.c...
compiling os_flag.c...
compiling os_int.c...
compiling os_mem.c...
compiling os_msg.c...
compiling os_mutex.c...
compiling os_pend_multi.c...
compiling os_prio.c...
compiling os_q.c...
compiling os_sem.c...
compiling os_stat.c...
compiling os_task.c...
compiling os_tick.c...
compiling os_time.c...
compiling os_tmr.c...
compiling os_var.c...
compiling os_cpu_c.c...
assembling os_cpu_a.asm...
compiling os_app_hooks.c...
compiling GUIConf.c...
compiling GUI_X_UCOSIII.c...
compiling GUI_X_Touch_Analog.c...
compiling LCDConf_Lin_Template.c...
compiling ButtonUse.c...
..\HARDWARE\RS422\rs422.h(7): warning:  #1295-D: Deprecated declaration send_data - give arg types
  void send_data();
..\HARDWARE\RS422\rs422.h(15): warning:  #1295-D: Deprecated declaration uart1_send - give arg types
  void uart1_send();
..\HARDWARE\ADC\adc.h(17): warning:  #1295-D: Deprecated declaration pingmujiare - give arg types
  void pingmujiare();
..\EMWIN_DEMO\ButtonUse\ButtonUse.c(402): warning:  #1035-D: single-precision operand implicitly converted to double-precision
          float a1 = num * 3.1415926 / 180;
..\EMWIN_DEMO\ButtonUse\ButtonUse.c(404): warning:  #1035-D: single-precision operand implicitly converted to double-precision
          GUI_RotatePolygon(aMagnifiedPoints, aPoints, GUI_COUNTOF(aPoints), Pi - a1*4);
..\EMWIN_DEMO\ButtonUse\ButtonUse.c(415): warning:  #1035-D: single-precision operand implicitly converted to double-precision
          float a1 = num * 3.1415926 / 180;
..\EMWIN_DEMO\ButtonUse\ButtonUse.c(417): warning:  #1035-D: single-precision operand implicitly converted to double-precision
          GUI_RotatePolygon(aMagnifiedPoints, aPoints, GUI_COUNTOF(aPoints), Pi - a1 * 4);
..\EMWIN_DEMO\ButtonUse\ButtonUse.c(422): warning:  #1035-D: single-precision operand implicitly converted to double-precision
          float a1 = num * 3.1415926 / 180;
..\EMWIN_DEMO\ButtonUse\ButtonUse.c(424): warning:  #1035-D: single-precision operand implicitly converted to double-precision
          GUI_RotatePolygon(aMagnifiedPoints, aPoints, GUI_COUNTOF(aPoints), Pi - a1 * 4);
..\EMWIN_DEMO\ButtonUse\ButtonUse.c(491): warning:  #1035-D: single-precision operand implicitly converted to double-precision
          float a1 = num2 * 3.1415926 / 180;
..\EMWIN_DEMO\ButtonUse\ButtonUse.c(493): warning:  #1035-D: single-precision operand implicitly converted to double-precision
          GUI_RotatePolygon(aMagnifiedPoints, aPoints, GUI_COUNTOF(aPoints), Pi - a1 * 4);
..\EMWIN_DEMO\ButtonUse\ButtonUse.c(498): warning:  #1035-D: single-precision operand implicitly converted to double-precision
          float a1 = num2 * 3.1415926 / 180;
..\EMWIN_DEMO\ButtonUse\ButtonUse.c(500): warning:  #1035-D: single-precision operand implicitly converted to double-precision
          GUI_RotatePolygon(aMagnifiedPoints, aPoints, GUI_COUNTOF(aPoints), Pi - a1 * 4);
..\EMWIN_DEMO\ButtonUse\ButtonUse.c(504): warning:  #1035-D: single-precision operand implicitly converted to double-precision
          float a1 = num2 * 3.1415926 / 180;
..\EMWIN_DEMO\ButtonUse\ButtonUse.c(506): warning:  #1035-D: single-precision operand implicitly converted to double-precision
          GUI_RotatePolygon(aMagnifiedPoints, aPoints, GUI_COUNTOF(aPoints), Pi - a1 * 4);
..\EMWIN_DEMO\ButtonUse\ButtonUse.c: 15 warnings, 0 errors
linking...
Program Size: Code=120726 RO-data=35270 RW-data=1184 ZI-data=24471240  
FromELF: creating hex file...
"..\OBJ\Tempate.axf" - 0 Error(s), 38 Warning(s).

<h2>Collection of Component include folders:</h2>
  C:\Users\22344\OneDrive\code\第二版最终版\3\USER\RTE
  E:\Keil_v5\ARM\PACK\Keil\STM32F4xx_DFP\2.9.0

<h2>Collection of Component Files used:</h2>
</pre>
</body>
</html>
